
[2026-08-10 11:30:21] Iniciando sincronizacion Railway -> Local...
Conectando a https://ppplanta-production.up.railway.app...
Traceback (most recent call last):
  File "C:\Users\cuent\OneDrive\Desktop\APLICACION DE SOLUCIONES Y PROCESOS MARINOS\manage.py", line 14, in <module>
    main()
  File "C:\Users\cuent\OneDrive\Desktop\APLICACION DE SOLUCIONES Y PROCESOS MARINOS\manage.py", line 10, in main
    execute_from_command_line(sys.argv)
  File "C:\Users\cuent\AppData\Local\Programs\Python\Python312\Lib\site-packages\django\core\management\__init__.py", line 442, in execute_from_command_line
    utility.execute()
  File "C:\Users\cuent\AppData\Local\Programs\Python\Python312\Lib\site-packages\django\core\management\__init__.py", line 436, in execute
    self.fetch_command(subcommand).run_from_argv(self.argv)
  File "C:\Users\cuent\AppData\Local\Programs\Python\Python312\Lib\site-packages\django\core\management\base.py", line 420, in run_from_argv
    self.execute(*args, **cmd_options)
  File "C:\Users\cuent\AppData\Local\Programs\Python\Python312\Lib\site-packages\django\core\management\base.py", line 464, in execute
    output = self.handle(*args, **options)
             ^^^^^^^^^^^^^^^^^^^^^^^^^^^^^
  File "C:\Users\cuent\OneDrive\Desktop\APLICACION DE SOLUCIONES Y PROCESOS MARINOS\productions\management\commands\sync_railway_to_local.py", line 26, in handle
    opener = self._login()
             ^^^^^^^^^^^^^
  File "C:\Users\cuent\OneDrive\Desktop\APLICACION DE SOLUCIONES Y PROCESOS MARINOS\productions\management\commands\sync_railway_to_local.py", line 86, in _login
    with opener.open(req, timeout=30) as resp:
         ^^^^^^^^^^^^^^^^^^^^^^^^^^^^
  File "C:\Users\cuent\AppData\Local\Programs\Python\Python312\Lib\urllib\request.py", line 515, in open
    response = self._open(req, data)
               ^^^^^^^^^^^^^^^^^^^^^
  File "C:\Users\cuent\AppData\Local\Programs\Python\Python312\Lib\urllib\request.py", line 532, in _open
    result = self._call_chain(self.handle_open, protocol, protocol +
             ^^^^^^^^^^^^^^^^^^^^^^^^^^^^^^^^^^^^^^^^^^^^^^^^^^^^^^^
  File "C:\Users\cuent\AppData\Local\Programs\Python\Python312\Lib\urllib\request.py", line 492, in _call_chain
    result = func(*args)
             ^^^^^^^^^^^
  File "C:\Users\cuent\AppData\Local\Programs\Python\Python312\Lib\urllib\request.py", line 1392, in https_open
    return self.do_open(http.client.HTTPSConnection, req,
           ^^^^^^^^^^^^^^^^^^^^^^^^^^^^^^^^^^^^^^^^^^^^^^
  File "C:\Users\cuent\AppData\Local\Programs\Python\Python312\Lib\urllib\request.py", line 1348, in do_open
    r = h.getresponse()
        ^^^^^^^^^^^^^^^
  File "C:\Users\cuent\AppData\Local\Programs\Python\Python312\Lib\http\client.py", line 1430, in getresponse
    response.begin()
  File "C:\Users\cuent\AppData\Local\Programs\Python\Python312\Lib\http\client.py", line 331, in begin
    version, status, reason = self._read_status()
                              ^^^^^^^^^^^^^^^^^^^
  File "C:\Users\cuent\AppData\Local\Programs\Python\Python312\Lib\http\client.py", line 292, in _read_status
    line = str(self.fp.readline(_MAXLINE + 1), "iso-8859-1")
               ^^^^^^^^^^^^^^^^^^^^^^^^^^^^^^
  File "C:\Users\cuent\AppData\Local\Programs\Python\Python312\Lib\socket.py", line 720, in readinto
    return self._sock.recv_into(b)
           ^^^^^^^^^^^^^^^^^^^^^^^
  File "C:\Users\cuent\AppData\Local\Programs\Python\Python312\Lib\ssl.py", line 1251, in recv_into
    return self.read(nbytes, buffer)
           ^^^^^^^^^^^^^^^^^^^^^^^^^
  File "C:\Users\cuent\AppData\Local\Programs\Python\Python312\Lib\ssl.py", line 1103, in read
    return self._sslobj.read(len, buffer)
           ^^^^^^^^^^^^^^^^^^^^^^^^^^^^^^
TimeoutError: The read operation timed out
[2026-08-10 11:30:21] Finalizado.

[2026-08-10 12:00:10] Iniciando sincronizacion Railway -> Local...
Conectando a https://ppplanta-production.up.railway.app...
Traceback (most recent call last):
  File "C:\Users\cuent\OneDrive\Desktop\APLICACION DE SOLUCIONES Y PROCESOS MARINOS\manage.py", line 14, in <module>
    main()
  File "C:\Users\cuent\OneDrive\Desktop\APLICACION DE SOLUCIONES Y PROCESOS MARINOS\manage.py", line 10, in main
    execute_from_command_line(sys.argv)
  File "C:\Users\cuent\AppData\Local\Programs\Python\Python312\Lib\site-packages\django\core\management\__init__.py", line 442, in execute_from_command_line
    utility.execute()
  File "C:\Users\cuent\AppData\Local\Programs\Python\Python312\Lib\site-packages\django\core\management\__init__.py", line 436, in execute
    self.fetch_command(subcommand).run_from_argv(self.argv)
  File "C:\Users\cuent\AppData\Local\Programs\Python\Python312\Lib\site-packages\django\core\management\base.py", line 420, in run_from_argv
    self.execute(*args, **cmd_options)
  File "C:\Users\cuent\AppData\Local\Programs\Python\Python312\Lib\site-packages\django\core\management\base.py", line 464, in execute
    output = self.handle(*args, **options)
             ^^^^^^^^^^^^^^^^^^^^^^^^^^^^^
  File "C:\Users\cuent\OneDrive\Desktop\APLICACION DE SOLUCIONES Y PROCESOS MARINOS\productions\management\commands\sync_railway_to_local.py", line 26, in handle
    opener = self._login()
             ^^^^^^^^^^^^^
  File "C:\Users\cuent\OneDrive\Desktop\APLICACION DE SOLUCIONES Y PROCESOS MARINOS\productions\management\commands\sync_railway_to_local.py", line 86, in _login
    with opener.open(req, timeout=30) as resp:
         ^^^^^^^^^^^^^^^^^^^^^^^^^^^^
  File "C:\Users\cuent\AppData\Local\Programs\Python\Python312\Lib\urllib\request.py", line 515, in open
    response = self._open(req, data)
               ^^^^^^^^^^^^^^^^^^^^^
  File "C:\Users\cuent\AppData\Local\Programs\Python\Python312\Lib\urllib\request.py", line 532, in _open
    result = self._call_chain(self.handle_open, protocol, protocol +
             ^^^^^^^^^^^^^^^^^^^^^^^^^^^^^^^^^^^^^^^^^^^^^^^^^^^^^^^
  File "C:\Users\cuent\AppData\Local\Programs\Python\Python312\Lib\urllib\request.py", line 492, in _call_chain
    result = func(*args)
             ^^^^^^^^^^^
  File "C:\Users\cuent\AppData\Local\Programs\Python\Python312\Lib\urllib\request.py", line 1392, in https_open
    return self.do_open(http.client.HTTPSConnection, req,
           ^^^^^^^^^^^^^^^^^^^^^^^^^^^^^^^^^^^^^^^^^^^^^^
  File "C:\Users\cuent\AppData\Local\Programs\Python\Python312\Lib\urllib\request.py", line 1348, in do_open
    r = h.getresponse()
        ^^^^^^^^^^^^^^^
  File "C:\Users\cuent\AppData\Local\Programs\Python\Python312\Lib\http\client.py", line 1430, in getresponse
    response.begin()
  File "C:\Users\cuent\AppData\Local\Programs\Python\Python312\Lib\http\client.py", line 331, in begin
    version, status, reason = self._read_status()
                              ^^^^^^^^^^^^^^^^^^^
  File "C:\Users\cuent\AppData\Local\Programs\Python\Python312\Lib\http\client.py", line 292, in _read_status
    line = str(self.fp.readline(_MAXLINE + 1), "iso-8859-1")
               ^^^^^^^^^^^^^^^^^^^^^^^^^^^^^^
  File "C:\Users\cuent\AppData\Local\Programs\Python\Python312\Lib\socket.py", line 720, in readinto
    return self._sock.recv_into(b)
           ^^^^^^^^^^^^^^^^^^^^^^^
  File "C:\Users\cuent\AppData\Local\Programs\Python\Python312\Lib\ssl.py", line 1251, in recv_into
    return self.read(nbytes, buffer)
           ^^^^^^^^^^^^^^^^^^^^^^^^^
  File "C:\Users\cuent\AppData\Local\Programs\Python\Python312\Lib\ssl.py", line 1103, in read
    return self._sslobj.read(len, buffer)
           ^^^^^^^^^^^^^^^^^^^^^^^^^^^^^^
TimeoutError: The read operation timed out
[2026-08-10 12:00:10] Finalizado.

[2026-08-10 12:30:03] Iniciando sincronizacion Railway -> Local...
Conectando a https://ppplanta-production.up.railway.app...
Traceback (most recent call last):
  File "C:\Users\cuent\OneDrive\Desktop\APLICACION DE SOLUCIONES Y PROCESOS MARINOS\manage.py", line 14, in <module>
    main()
  File "C:\Users\cuent\OneDrive\Desktop\APLICACION DE SOLUCIONES Y PROCESOS MARINOS\manage.py", line 10, in main
    execute_from_command_line(sys.argv)
  File "C:\Users\cuent\AppData\Local\Programs\Python\Python312\Lib\site-packages\django\core\management\__init__.py", line 442, in execute_from_command_line
    utility.execute()
  File "C:\Users\cuent\AppData\Local\Programs\Python\Python312\Lib\site-packages\django\core\management\__init__.py", line 436, in execute
    self.fetch_command(subcommand).run_from_argv(self.argv)
  File "C:\Users\cuent\AppData\Local\Programs\Python\Python312\Lib\site-packages\django\core\management\base.py", line 420, in run_from_argv
    self.execute(*args, **cmd_options)
  File "C:\Users\cuent\AppData\Local\Programs\Python\Python312\Lib\site-packages\django\core\management\base.py", line 464, in execute
    output = self.handle(*args, **options)
             ^^^^^^^^^^^^^^^^^^^^^^^^^^^^^
  File "C:\Users\cuent\OneDrive\Desktop\APLICACION DE SOLUCIONES Y PROCESOS MARINOS\productions\management\commands\sync_railway_to_local.py", line 26, in handle
    opener = self._login()
             ^^^^^^^^^^^^^
  File "C:\Users\cuent\OneDrive\Desktop\APLICACION DE SOLUCIONES Y PROCESOS MARINOS\productions\management\commands\sync_railway_to_local.py", line 86, in _login
    with opener.open(req, timeout=30) as resp:
         ^^^^^^^^^^^^^^^^^^^^^^^^^^^^
  File "C:\Users\cuent\AppData\Local\Programs\Python\Python312\Lib\urllib\request.py", line 515, in open
    response = self._open(req, data)
               ^^^^^^^^^^^^^^^^^^^^^
  File "C:\Users\cuent\AppData\Local\Programs\Python\Python312\Lib\urllib\request.py", line 532, in _open
    result = self._call_chain(self.handle_open, protocol, protocol +
             ^^^^^^^^^^^^^^^^^^^^^^^^^^^^^^^^^^^^^^^^^^^^^^^^^^^^^^^
  File "C:\Users\cuent\AppData\Local\Programs\Python\Python312\Lib\urllib\request.py", line 492, in _call_chain
    result = func(*args)
             ^^^^^^^^^^^
  File "C:\Users\cuent\AppData\Local\Programs\Python\Python312\Lib\urllib\request.py", line 1392, in https_open
    return self.do_open(http.client.HTTPSConnection, req,
           ^^^^^^^^^^^^^^^^^^^^^^^^^^^^^^^^^^^^^^^^^^^^^^
  File "C:\Users\cuent\AppData\Local\Programs\Python\Python312\Lib\urllib\request.py", line 1348, in do_open
    r = h.getresponse()
        ^^^^^^^^^^^^^^^
  File "C:\Users\cuent\AppData\Local\Programs\Python\Python312\Lib\http\client.py", line 1430, in getresponse
    response.begin()
  File "C:\Users\cuent\AppData\Local\Programs\Python\Python312\Lib\http\client.py", line 331, in begin
    version, status, reason = self._read_status()
                              ^^^^^^^^^^^^^^^^^^^
  File "C:\Users\cuent\AppData\Local\Programs\Python\Python312\Lib\http\client.py", line 292, in _read_status
    line = str(self.fp.readline(_MAXLINE + 1), "iso-8859-1")
               ^^^^^^^^^^^^^^^^^^^^^^^^^^^^^^
  File "C:\Users\cuent\AppData\Local\Programs\Python\Python312\Lib\socket.py", line 720, in readinto
    return self._sock.recv_into(b)
           ^^^^^^^^^^^^^^^^^^^^^^^
  File "C:\Users\cuent\AppData\Local\Programs\Python\Python312\Lib\ssl.py", line 1251, in recv_into
    return self.read(nbytes, buffer)
           ^^^^^^^^^^^^^^^^^^^^^^^^^
  File "C:\Users\cuent\AppData\Local\Programs\Python\Python312\Lib\ssl.py", line 1103, in read
    return self._sslobj.read(len, buffer)
           ^^^^^^^^^^^^^^^^^^^^^^^^^^^^^^
TimeoutError: The read operation timed out
[2026-08-10 12:30:03] Finalizado.

[2026-08-10 13:00:02] Iniciando sincronizacion Railway -> Local...
Conectando a https://ppplanta-production.up.railway.app...
Traceback (most recent call last):
  File "C:\Users\cuent\OneDrive\Desktop\APLICACION DE SOLUCIONES Y PROCESOS MARINOS\manage.py", line 14, in <module>
    main()
  File "C:\Users\cuent\OneDrive\Desktop\APLICACION DE SOLUCIONES Y PROCESOS MARINOS\manage.py", line 10, in main
    execute_from_command_line(sys.argv)
  File "C:\Users\cuent\AppData\Local\Programs\Python\Python312\Lib\site-packages\django\core\management\__init__.py", line 442, in execute_from_command_line
    utility.execute()
  File "C:\Users\cuent\AppData\Local\Programs\Python\Python312\Lib\site-packages\django\core\management\__init__.py", line 436, in execute
    self.fetch_command(subcommand).run_from_argv(self.argv)
  File "C:\Users\cuent\AppData\Local\Programs\Python\Python312\Lib\site-packages\django\core\management\base.py", line 420, in run_from_argv
    self.execute(*args, **cmd_options)
  File "C:\Users\cuent\AppData\Local\Programs\Python\Python312\Lib\site-packages\django\core\management\base.py", line 464, in execute
    output = self.handle(*args, **options)
             ^^^^^^^^^^^^^^^^^^^^^^^^^^^^^
  File "C:\Users\cuent\OneDrive\Desktop\APLICACION DE SOLUCIONES Y PROCESOS MARINOS\productions\management\commands\sync_railway_to_local.py", line 26, in handle
    opener = self._login()
             ^^^^^^^^^^^^^
  File "C:\Users\cuent\OneDrive\Desktop\APLICACION DE SOLUCIONES Y PROCESOS MARINOS\productions\management\commands\sync_railway_to_local.py", line 86, in _login
    with opener.open(req, timeout=30) as resp:
         ^^^^^^^^^^^^^^^^^^^^^^^^^^^^
  File "C:\Users\cuent\AppData\Local\Programs\Python\Python312\Lib\urllib\request.py", line 515, in open
    response = self._open(req, data)
               ^^^^^^^^^^^^^^^^^^^^^
  File "C:\Users\cuent\AppData\Local\Programs\Python\Python312\Lib\urllib\request.py", line 532, in _open
    result = self._call_chain(self.handle_open, protocol, protocol +
             ^^^^^^^^^^^^^^^^^^^^^^^^^^^^^^^^^^^^^^^^^^^^^^^^^^^^^^^
  File "C:\Users\cuent\AppData\Local\Programs\Python\Python312\Lib\urllib\request.py", line 492, in _call_chain
    result = func(*args)
             ^^^^^^^^^^^
  File "C:\Users\cuent\AppData\Local\Programs\Python\Python312\Lib\urllib\request.py", line 1392, in https_open
    return self.do_open(http.client.HTTPSConnection, req,
           ^^^^^^^^^^^^^^^^^^^^^^^^^^^^^^^^^^^^^^^^^^^^^^
  File "C:\Users\cuent\AppData\Local\Programs\Python\Python312\Lib\urllib\request.py", line 1348, in do_open
    r = h.getresponse()
        ^^^^^^^^^^^^^^^
  File "C:\Users\cuent\AppData\Local\Programs\Python\Python312\Lib\http\client.py", line 1430, in getresponse
    response.begin()
  File "C:\Users\cuent\AppData\Local\Programs\Python\Python312\Lib\http\client.py", line 331, in begin
    version, status, reason = self._read_status()
                              ^^^^^^^^^^^^^^^^^^^
  File "C:\Users\cuent\AppData\Local\Programs\Python\Python312\Lib\http\client.py", line 292, in _read_status
    line = str(self.fp.readline(_MAXLINE + 1), "iso-8859-1")
               ^^^^^^^^^^^^^^^^^^^^^^^^^^^^^^
  File "C:\Users\cuent\AppData\Local\Programs\Python\Python312\Lib\socket.py", line 720, in readinto
    return self._sock.recv_into(b)
           ^^^^^^^^^^^^^^^^^^^^^^^
  File "C:\Users\cuent\AppData\Local\Programs\Python\Python312\Lib\ssl.py", line 1251, in recv_into
    return self.read(nbytes, buffer)
           ^^^^^^^^^^^^^^^^^^^^^^^^^
  File "C:\Users\cuent\AppData\Local\Programs\Python\Python312\Lib\ssl.py", line 1103, in read
    return self._sslobj.read(len, buffer)
           ^^^^^^^^^^^^^^^^^^^^^^^^^^^^^^
TimeoutError: The read operation timed out
[2026-08-10 13:00:02] Finalizado.

[2026-08-10 13:30:03] Iniciando sincronizacion Railway -> Local...
Conectando a https://ppplanta-production.up.railway.app...
Traceback (most recent call last):
  File "C:\Users\cuent\OneDrive\Desktop\APLICACION DE SOLUCIONES Y PROCESOS MARINOS\manage.py", line 14, in <module>
    main()
  File "C:\Users\cuent\OneDrive\Desktop\APLICACION DE SOLUCIONES Y PROCESOS MARINOS\manage.py", line 10, in main
    execute_from_command_line(sys.argv)
  File "C:\Users\cuent\AppData\Local\Programs\Python\Python312\Lib\site-packages\django\core\management\__init__.py", line 442, in execute_from_command_line
    utility.execute()
  File "C:\Users\cuent\AppData\Local\Programs\Python\Python312\Lib\site-packages\django\core\management\__init__.py", line 436, in execute
    self.fetch_command(subcommand).run_from_argv(self.argv)
  File "C:\Users\cuent\AppData\Local\Programs\Python\Python312\Lib\site-packages\django\core\management\base.py", line 420, in run_from_argv
    self.execute(*args, **cmd_options)
  File "C:\Users\cuent\AppData\Local\Programs\Python\Python312\Lib\site-packages\django\core\management\base.py", line 464, in execute
    output = self.handle(*args, **options)
             ^^^^^^^^^^^^^^^^^^^^^^^^^^^^^
  File "C:\Users\cuent\OneDrive\Desktop\APLICACION DE SOLUCIONES Y PROCESOS MARINOS\productions\management\commands\sync_railway_to_local.py", line 26, in handle
    opener = self._login()
             ^^^^^^^^^^^^^
  File "C:\Users\cuent\OneDrive\Desktop\APLICACION DE SOLUCIONES Y PROCESOS MARINOS\productions\management\commands\sync_railway_to_local.py", line 86, in _login
    with opener.open(req, timeout=30) as resp:
         ^^^^^^^^^^^^^^^^^^^^^^^^^^^^
  File "C:\Users\cuent\AppData\Local\Programs\Python\Python312\Lib\urllib\request.py", line 515, in open
    response = self._open(req, data)
               ^^^^^^^^^^^^^^^^^^^^^
  File "C:\Users\cuent\AppData\Local\Programs\Python\Python312\Lib\urllib\request.py", line 532, in _open
    result = self._call_chain(self.handle_open, protocol, protocol +
             ^^^^^^^^^^^^^^^^^^^^^^^^^^^^^^^^^^^^^^^^^^^^^^^^^^^^^^^
  File "C:\Users\cuent\AppData\Local\Programs\Python\Python312\Lib\urllib\request.py", line 492, in _call_chain
    result = func(*args)
             ^^^^^^^^^^^
  File "C:\Users\cuent\AppData\Local\Programs\Python\Python312\Lib\urllib\request.py", line 1392, in https_open
    return self.do_open(http.client.HTTPSConnection, req,
           ^^^^^^^^^^^^^^^^^^^^^^^^^^^^^^^^^^^^^^^^^^^^^^
  File "C:\Users\cuent\AppData\Local\Programs\Python\Python312\Lib\urllib\request.py", line 1348, in do_open
    r = h.getresponse()
        ^^^^^^^^^^^^^^^
  File "C:\Users\cuent\AppData\Local\Programs\Python\Python312\Lib\http\client.py", line 1430, in getresponse
    response.begin()
  File "C:\Users\cuent\AppData\Local\Programs\Python\Python312\Lib\http\client.py", line 331, in begin
    version, status, reason = self._read_status()
                              ^^^^^^^^^^^^^^^^^^^
  File "C:\Users\cuent\AppData\Local\Programs\Python\Python312\Lib\http\client.py", line 292, in _read_status
    line = str(self.fp.readline(_MAXLINE + 1), "iso-8859-1")
               ^^^^^^^^^^^^^^^^^^^^^^^^^^^^^^
  File "C:\Users\cuent\AppData\Local\Programs\Python\Python312\Lib\socket.py", line 720, in readinto
    return self._sock.recv_into(b)
           ^^^^^^^^^^^^^^^^^^^^^^^
  File "C:\Users\cuent\AppData\Local\Programs\Python\Python312\Lib\ssl.py", line 1251, in recv_into
    return self.read(nbytes, buffer)
           ^^^^^^^^^^^^^^^^^^^^^^^^^
  File "C:\Users\cuent\AppData\Local\Programs\Python\Python312\Lib\ssl.py", line 1103, in read
    return self._sslobj.read(len, buffer)
           ^^^^^^^^^^^^^^^^^^^^^^^^^^^^^^
TimeoutError: The read operation timed out
[2026-08-10 13:30:03] Finalizado.

[2026-08-10 14:00:02] Iniciando sincronizacion Railway -> Local...
Conectando a https://ppplanta-production.up.railway.app...
Traceback (most recent call last):
  File "C:\Users\cuent\OneDrive\Desktop\APLICACION DE SOLUCIONES Y PROCESOS MARINOS\manage.py", line 14, in <module>
    main()
  File "C:\Users\cuent\OneDrive\Desktop\APLICACION DE SOLUCIONES Y PROCESOS MARINOS\manage.py", line 10, in main
    execute_from_command_line(sys.argv)
  File "C:\Users\cuent\AppData\Local\Programs\Python\Python312\Lib\site-packages\django\core\management\__init__.py", line 442, in execute_from_command_line
    utility.execute()
  File "C:\Users\cuent\AppData\Local\Programs\Python\Python312\Lib\site-packages\django\core\management\__init__.py", line 436, in execute
    self.fetch_command(subcommand).run_from_argv(self.argv)
  File "C:\Users\cuent\AppData\Local\Programs\Python\Python312\Lib\site-packages\django\core\management\base.py", line 420, in run_from_argv
    self.execute(*args, **cmd_options)
  File "C:\Users\cuent\AppData\Local\Programs\Python\Python312\Lib\site-packages\django\core\management\base.py", line 464, in execute
    output = self.handle(*args, **options)
             ^^^^^^^^^^^^^^^^^^^^^^^^^^^^^
  File "C:\Users\cuent\OneDrive\Desktop\APLICACION DE SOLUCIONES Y PROCESOS MARINOS\productions\management\commands\sync_railway_to_local.py", line 26, in handle
    opener = self._login()
             ^^^^^^^^^^^^^
  File "C:\Users\cuent\OneDrive\Desktop\APLICACION DE SOLUCIONES Y PROCESOS MARINOS\productions\management\commands\sync_railway_to_local.py", line 86, in _login
    with opener.open(req, timeout=30) as resp:
         ^^^^^^^^^^^^^^^^^^^^^^^^^^^^
  File "C:\Users\cuent\AppData\Local\Programs\Python\Python312\Lib\urllib\request.py", line 515, in open
    response = self._open(req, data)
               ^^^^^^^^^^^^^^^^^^^^^
  File "C:\Users\cuent\AppData\Local\Programs\Python\Python312\Lib\urllib\request.py", line 532, in _open
    result = self._call_chain(self.handle_open, protocol, protocol +
             ^^^^^^^^^^^^^^^^^^^^^^^^^^^^^^^^^^^^^^^^^^^^^^^^^^^^^^^
  File "C:\Users\cuent\AppData\Local\Programs\Python\Python312\Lib\urllib\request.py", line 492, in _call_chain
    result = func(*args)
             ^^^^^^^^^^^
  File "C:\Users\cuent\AppData\Local\Programs\Python\Python312\Lib\urllib\request.py", line 1392, in https_open
    return self.do_open(http.client.HTTPSConnection, req,
           ^^^^^^^^^^^^^^^^^^^^^^^^^^^^^^^^^^^^^^^^^^^^^^
  File "C:\Users\cuent\AppData\Local\Programs\Python\Python312\Lib\urllib\request.py", line 1348, in do_open
    r = h.getresponse()
        ^^^^^^^^^^^^^^^
  File "C:\Users\cuent\AppData\Local\Programs\Python\Python312\Lib\http\client.py", line 1430, in getresponse
    response.begin()
  File "C:\Users\cuent\AppData\Local\Programs\Python\Python312\Lib\http\client.py", line 331, in begin
    version, status, reason = self._read_status()
                              ^^^^^^^^^^^^^^^^^^^
  File "C:\Users\cuent\AppData\Local\Programs\Python\Python312\Lib\http\client.py", line 292, in _read_status
    line = str(self.fp.readline(_MAXLINE + 1), "iso-8859-1")
               ^^^^^^^^^^^^^^^^^^^^^^^^^^^^^^
  File "C:\Users\cuent\AppData\Local\Programs\Python\Python312\Lib\socket.py", line 720, in readinto
    return self._sock.recv_into(b)
           ^^^^^^^^^^^^^^^^^^^^^^^
  File "C:\Users\cuent\AppData\Local\Programs\Python\Python312\Lib\ssl.py", line 1251, in recv_into
    return self.read(nbytes, buffer)
           ^^^^^^^^^^^^^^^^^^^^^^^^^
  File "C:\Users\cuent\AppData\Local\Programs\Python\Python312\Lib\ssl.py", line 1103, in read
    return self._sslobj.read(len, buffer)
           ^^^^^^^^^^^^^^^^^^^^^^^^^^^^^^
TimeoutError: The read operation timed out
[2026-08-10 14:00:02] Finalizado.

[2026-08-10 15:32:22] Iniciando sincronizacion Railway -> Local...
Conectando a https://ppplanta-production.up.railway.app...
Traceback (most recent call last):
  File "C:\Users\cuent\OneDrive\Desktop\APLICACION DE SOLUCIONES Y PROCESOS MARINOS\manage.py", line 14, in <module>
    main()
  File "C:\Users\cuent\OneDrive\Desktop\APLICACION DE SOLUCIONES Y PROCESOS MARINOS\manage.py", line 10, in main
    execute_from_command_line(sys.argv)
  File "C:\Users\cuent\AppData\Local\Programs\Python\Python312\Lib\site-packages\django\core\management\__init__.py", line 442, in execute_from_command_line
    utility.execute()
  File "C:\Users\cuent\AppData\Local\Programs\Python\Python312\Lib\site-packages\django\core\management\__init__.py", line 436, in execute
    self.fetch_command(subcommand).run_from_argv(self.argv)
  File "C:\Users\cuent\AppData\Local\Programs\Python\Python312\Lib\site-packages\django\core\management\base.py", line 420, in run_from_argv
    self.execute(*args, **cmd_options)
  File "C:\Users\cuent\AppData\Local\Programs\Python\Python312\Lib\site-packages\django\core\management\base.py", line 464, in execute
    output = self.handle(*args, **options)
             ^^^^^^^^^^^^^^^^^^^^^^^^^^^^^
  File "C:\Users\cuent\OneDrive\Desktop\APLICACION DE SOLUCIONES Y PROCESOS MARINOS\productions\management\commands\sync_railway_to_local.py", line 26, in handle
    opener = self._login()
             ^^^^^^^^^^^^^
  File "C:\Users\cuent\OneDrive\Desktop\APLICACION DE SOLUCIONES Y PROCESOS MARINOS\productions\management\commands\sync_railway_to_local.py", line 86, in _login
    with opener.open(req, timeout=30) as resp:
         ^^^^^^^^^^^^^^^^^^^^^^^^^^^^
  File "C:\Users\cuent\AppData\Local\Programs\Python\Python312\Lib\urllib\request.py", line 515, in open
    response = self._open(req, data)
               ^^^^^^^^^^^^^^^^^^^^^
  File "C:\Users\cuent\AppData\Local\Programs\Python\Python312\Lib\urllib\request.py", line 532, in _open
    result = self._call_chain(self.handle_open, protocol, protocol +
             ^^^^^^^^^^^^^^^^^^^^^^^^^^^^^^^^^^^^^^^^^^^^^^^^^^^^^^^
  File "C:\Users\cuent\AppData\Local\Programs\Python\Python312\Lib\urllib\request.py", line 492, in _call_chain
    result = func(*args)
             ^^^^^^^^^^^
  File "C:\Users\cuent\AppData\Local\Programs\Python\Python312\Lib\urllib\request.py", line 1392, in https_open
    return self.do_open(http.client.HTTPSConnection, req,
           ^^^^^^^^^^^^^^^^^^^^^^^^^^^^^^^^^^^^^^^^^^^^^^
  File "C:\Users\cuent\AppData\Local\Programs\Python\Python312\Lib\urllib\request.py", line 1348, in do_open
    r = h.getresponse()
        ^^^^^^^^^^^^^^^
  File "C:\Users\cuent\AppData\Local\Programs\Python\Python312\Lib\http\client.py", line 1430, in getresponse
    response.begin()
  File "C:\Users\cuent\AppData\Local\Programs\Python\Python312\Lib\http\client.py", line 331, in begin
    version, status, reason = self._read_status()
                              ^^^^^^^^^^^^^^^^^^^
  File "C:\Users\cuent\AppData\Local\Programs\Python\Python312\Lib\http\client.py", line 292, in _read_status
    line = str(self.fp.readline(_MAXLINE + 1), "iso-8859-1")
               ^^^^^^^^^^^^^^^^^^^^^^^^^^^^^^
  File "C:\Users\cuent\AppData\Local\Programs\Python\Python312\Lib\socket.py", line 720, in readinto
    return self._sock.recv_into(b)
           ^^^^^^^^^^^^^^^^^^^^^^^
  File "C:\Users\cuent\AppData\Local\Programs\Python\Python312\Lib\ssl.py", line 1251, in recv_into
    return self.read(nbytes, buffer)
           ^^^^^^^^^^^^^^^^^^^^^^^^^
  File "C:\Users\cuent\AppData\Local\Programs\Python\Python312\Lib\ssl.py", line 1103, in read
    return self._sslobj.read(len, buffer)
           ^^^^^^^^^^^^^^^^^^^^^^^^^^^^^^
TimeoutError: The read operation timed out
[2026-08-10 15:32:22] Finalizado.

[2026-08-10 16:00:04] Iniciando sincronizacion Railway -> Local...
Conectando a https://ppplanta-production.up.railway.app...
Traceback (most recent call last):
  File "C:\Users\cuent\OneDrive\Desktop\APLICACION DE SOLUCIONES Y PROCESOS MARINOS\manage.py", line 14, in <module>
    main()
  File "C:\Users\cuent\OneDrive\Desktop\APLICACION DE SOLUCIONES Y PROCESOS MARINOS\manage.py", line 10, in main
    execute_from_command_line(sys.argv)
  File "C:\Users\cuent\AppData\Local\Programs\Python\Python312\Lib\site-packages\django\core\management\__init__.py", line 442, in execute_from_command_line
    utility.execute()
  File "C:\Users\cuent\AppData\Local\Programs\Python\Python312\Lib\site-packages\django\core\management\__init__.py", line 436, in execute
    self.fetch_command(subcommand).run_from_argv(self.argv)
  File "C:\Users\cuent\AppData\Local\Programs\Python\Python312\Lib\site-packages\django\core\management\base.py", line 420, in run_from_argv
    self.execute(*args, **cmd_options)
  File "C:\Users\cuent\AppData\Local\Programs\Python\Python312\Lib\site-packages\django\core\management\base.py", line 464, in execute
    output = self.handle(*args, **options)
             ^^^^^^^^^^^^^^^^^^^^^^^^^^^^^
  File "C:\Users\cuent\OneDrive\Desktop\APLICACION DE SOLUCIONES Y PROCESOS MARINOS\productions\management\commands\sync_railway_to_local.py", line 26, in handle
    opener = self._login()
             ^^^^^^^^^^^^^
  File "C:\Users\cuent\OneDrive\Desktop\APLICACION DE SOLUCIONES Y PROCESOS MARINOS\productions\management\commands\sync_railway_to_local.py", line 86, in _login
    with opener.open(req, timeout=30) as resp:
         ^^^^^^^^^^^^^^^^^^^^^^^^^^^^
  File "C:\Users\cuent\AppData\Local\Programs\Python\Python312\Lib\urllib\request.py", line 515, in open
    response = self._open(req, data)
               ^^^^^^^^^^^^^^^^^^^^^
  File "C:\Users\cuent\AppData\Local\Programs\Python\Python312\Lib\urllib\request.py", line 532, in _open
    result = self._call_chain(self.handle_open, protocol, protocol +
             ^^^^^^^^^^^^^^^^^^^^^^^^^^^^^^^^^^^^^^^^^^^^^^^^^^^^^^^
  File "C:\Users\cuent\AppData\Local\Programs\Python\Python312\Lib\urllib\request.py", line 492, in _call_chain
    result = func(*args)
             ^^^^^^^^^^^
  File "C:\Users\cuent\AppData\Local\Programs\Python\Python312\Lib\urllib\request.py", line 1392, in https_open
    return self.do_open(http.client.HTTPSConnection, req,
           ^^^^^^^^^^^^^^^^^^^^^^^^^^^^^^^^^^^^^^^^^^^^^^
  File "C:\Users\cuent\AppData\Local\Programs\Python\Python312\Lib\urllib\request.py", line 1348, in do_open
    r = h.getresponse()
        ^^^^^^^^^^^^^^^
  File "C:\Users\cuent\AppData\Local\Programs\Python\Python312\Lib\http\client.py", line 1430, in getresponse
    response.begin()
  File "C:\Users\cuent\AppData\Local\Programs\Python\Python312\Lib\http\client.py", line 331, in begin
    version, status, reason = self._read_status()
                              ^^^^^^^^^^^^^^^^^^^
  File "C:\Users\cuent\AppData\Local\Programs\Python\Python312\Lib\http\client.py", line 292, in _read_status
    line = str(self.fp.readline(_MAXLINE + 1), "iso-8859-1")
               ^^^^^^^^^^^^^^^^^^^^^^^^^^^^^^
  File "C:\Users\cuent\AppData\Local\Programs\Python\Python312\Lib\socket.py", line 720, in readinto
    return self._sock.recv_into(b)
           ^^^^^^^^^^^^^^^^^^^^^^^
  File "C:\Users\cuent\AppData\Local\Programs\Python\Python312\Lib\ssl.py", line 1251, in recv_into
    return self.read(nbytes, buffer)
           ^^^^^^^^^^^^^^^^^^^^^^^^^
  File "C:\Users\cuent\AppData\Local\Programs\Python\Python312\Lib\ssl.py", line 1103, in read
    return self._sslobj.read(len, buffer)
           ^^^^^^^^^^^^^^^^^^^^^^^^^^^^^^
TimeoutError: The read operation timed out
[2026-08-10 16:00:04] Finalizado.

[2026-08-10 16:30:05] Iniciando sincronizacion Railway -> Local...
Conectando a https://ppplanta-production.up.railway.app...
Traceback (most recent call last):
  File "C:\Users\cuent\OneDrive\Desktop\APLICACION DE SOLUCIONES Y PROCESOS MARINOS\manage.py", line 14, in <module>
    main()
  File "C:\Users\cuent\OneDrive\Desktop\APLICACION DE SOLUCIONES Y PROCESOS MARINOS\manage.py", line 10, in main
    execute_from_command_line(sys.argv)
  File "C:\Users\cuent\AppData\Local\Programs\Python\Python312\Lib\site-packages\django\core\management\__init__.py", line 442, in execute_from_command_line
    utility.execute()
  File "C:\Users\cuent\AppData\Local\Programs\Python\Python312\Lib\site-packages\django\core\management\__init__.py", line 436, in execute
    self.fetch_command(subcommand).run_from_argv(self.argv)
  File "C:\Users\cuent\AppData\Local\Programs\Python\Python312\Lib\site-packages\django\core\management\base.py", line 420, in run_from_argv
    self.execute(*args, **cmd_options)
  File "C:\Users\cuent\AppData\Local\Programs\Python\Python312\Lib\site-packages\django\core\management\base.py", line 464, in execute
    output = self.handle(*args, **options)
             ^^^^^^^^^^^^^^^^^^^^^^^^^^^^^
  File "C:\Users\cuent\OneDrive\Desktop\APLICACION DE SOLUCIONES Y PROCESOS MARINOS\productions\management\commands\sync_railway_to_local.py", line 26, in handle
    opener = self._login()
             ^^^^^^^^^^^^^
  File "C:\Users\cuent\OneDrive\Desktop\APLICACION DE SOLUCIONES Y PROCESOS MARINOS\productions\management\commands\sync_railway_to_local.py", line 86, in _login
    with opener.open(req, timeout=30) as resp:
         ^^^^^^^^^^^^^^^^^^^^^^^^^^^^
  File "C:\Users\cuent\AppData\Local\Programs\Python\Python312\Lib\urllib\request.py", line 515, in open
    response = self._open(req, data)
               ^^^^^^^^^^^^^^^^^^^^^
  File "C:\Users\cuent\AppData\Local\Programs\Python\Python312\Lib\urllib\request.py", line 532, in _open
    result = self._call_chain(self.handle_open, protocol, protocol +
             ^^^^^^^^^^^^^^^^^^^^^^^^^^^^^^^^^^^^^^^^^^^^^^^^^^^^^^^
  File "C:\Users\cuent\AppData\Local\Programs\Python\Python312\Lib\urllib\request.py", line 492, in _call_chain
    result = func(*args)
             ^^^^^^^^^^^
  File "C:\Users\cuent\AppData\Local\Programs\Python\Python312\Lib\urllib\request.py", line 1392, in https_open
    return self.do_open(http.client.HTTPSConnection, req,
           ^^^^^^^^^^^^^^^^^^^^^^^^^^^^^^^^^^^^^^^^^^^^^^
  File "C:\Users\cuent\AppData\Local\Programs\Python\Python312\Lib\urllib\request.py", line 1348, in do_open
    r = h.getresponse()
        ^^^^^^^^^^^^^^^
  File "C:\Users\cuent\AppData\Local\Programs\Python\Python312\Lib\http\client.py", line 1430, in getresponse
    response.begin()
  File "C:\Users\cuent\AppData\Local\Programs\Python\Python312\Lib\http\client.py", line 331, in begin
    version, status, reason = self._read_status()
                              ^^^^^^^^^^^^^^^^^^^
  File "C:\Users\cuent\AppData\Local\Programs\Python\Python312\Lib\http\client.py", line 292, in _read_status
    line = str(self.fp.readline(_MAXLINE + 1), "iso-8859-1")
               ^^^^^^^^^^^^^^^^^^^^^^^^^^^^^^
  File "C:\Users\cuent\AppData\Local\Programs\Python\Python312\Lib\socket.py", line 720, in readinto
    return self._sock.recv_into(b)
           ^^^^^^^^^^^^^^^^^^^^^^^
  File "C:\Users\cuent\AppData\Local\Programs\Python\Python312\Lib\ssl.py", line 1251, in recv_into
    return self.read(nbytes, buffer)
           ^^^^^^^^^^^^^^^^^^^^^^^^^
  File "C:\Users\cuent\AppData\Local\Programs\Python\Python312\Lib\ssl.py", line 1103, in read
    return self._sslobj.read(len, buffer)
           ^^^^^^^^^^^^^^^^^^^^^^^^^^^^^^
TimeoutError: The read operation timed out
[2026-08-10 16:30:05] Finalizado.

[2026-08-10 17:00:04] Iniciando sincronizacion Railway -> Local...
Conectando a https://ppplanta-production.up.railway.app...
Traceback (most recent call last):
  File "C:\Users\cuent\OneDrive\Desktop\APLICACION DE SOLUCIONES Y PROCESOS MARINOS\manage.py", line 14, in <module>
    main()
  File "C:\Users\cuent\OneDrive\Desktop\APLICACION DE SOLUCIONES Y PROCESOS MARINOS\manage.py", line 10, in main
    execute_from_command_line(sys.argv)
  File "C:\Users\cuent\AppData\Local\Programs\Python\Python312\Lib\site-packages\django\core\management\__init__.py", line 442, in execute_from_command_line
    utility.execute()
  File "C:\Users\cuent\AppData\Local\Programs\Python\Python312\Lib\site-packages\django\core\management\__init__.py", line 436, in execute
    self.fetch_command(subcommand).run_from_argv(self.argv)
  File "C:\Users\cuent\AppData\Local\Programs\Python\Python312\Lib\site-packages\django\core\management\base.py", line 420, in run_from_argv
    self.execute(*args, **cmd_options)
  File "C:\Users\cuent\AppData\Local\Programs\Python\Python312\Lib\site-packages\django\core\management\base.py", line 464, in execute
    output = self.handle(*args, **options)
             ^^^^^^^^^^^^^^^^^^^^^^^^^^^^^
  File "C:\Users\cuent\OneDrive\Desktop\APLICACION DE SOLUCIONES Y PROCESOS MARINOS\productions\management\commands\sync_railway_to_local.py", line 26, in handle
    opener = self._login()
             ^^^^^^^^^^^^^
  File "C:\Users\cuent\OneDrive\Desktop\APLICACION DE SOLUCIONES Y PROCESOS MARINOS\productions\management\commands\sync_railway_to_local.py", line 86, in _login
    with opener.open(req, timeout=30) as resp:
         ^^^^^^^^^^^^^^^^^^^^^^^^^^^^
  File "C:\Users\cuent\AppData\Local\Programs\Python\Python312\Lib\urllib\request.py", line 515, in open
    response = self._open(req, data)
               ^^^^^^^^^^^^^^^^^^^^^
  File "C:\Users\cuent\AppData\Local\Programs\Python\Python312\Lib\urllib\request.py", line 532, in _open
    result = self._call_chain(self.handle_open, protocol, protocol +
             ^^^^^^^^^^^^^^^^^^^^^^^^^^^^^^^^^^^^^^^^^^^^^^^^^^^^^^^
  File "C:\Users\cuent\AppData\Local\Programs\Python\Python312\Lib\urllib\request.py", line 492, in _call_chain
    result = func(*args)
             ^^^^^^^^^^^
  File "C:\Users\cuent\AppData\Local\Programs\Python\Python312\Lib\urllib\request.py", line 1392, in https_open
    return self.do_open(http.client.HTTPSConnection, req,
           ^^^^^^^^^^^^^^^^^^^^^^^^^^^^^^^^^^^^^^^^^^^^^^
  File "C:\Users\cuent\AppData\Local\Programs\Python\Python312\Lib\urllib\request.py", line 1348, in do_open
    r = h.getresponse()
        ^^^^^^^^^^^^^^^
  File "C:\Users\cuent\AppData\Local\Programs\Python\Python312\Lib\http\client.py", line 1430, in getresponse
    response.begin()
  File "C:\Users\cuent\AppData\Local\Programs\Python\Python312\Lib\http\client.py", line 331, in begin
    version, status, reason = self._read_status()
                              ^^^^^^^^^^^^^^^^^^^
  File "C:\Users\cuent\AppData\Local\Programs\Python\Python312\Lib\http\client.py", line 292, in _read_status
    line = str(self.fp.readline(_MAXLINE + 1), "iso-8859-1")
               ^^^^^^^^^^^^^^^^^^^^^^^^^^^^^^
  File "C:\Users\cuent\AppData\Local\Programs\Python\Python312\Lib\socket.py", line 720, in readinto
    return self._sock.recv_into(b)
           ^^^^^^^^^^^^^^^^^^^^^^^
  File "C:\Users\cuent\AppData\Local\Programs\Python\Python312\Lib\ssl.py", line 1251, in recv_into
    return self.read(nbytes, buffer)
           ^^^^^^^^^^^^^^^^^^^^^^^^^
  File "C:\Users\cuent\AppData\Local\Programs\Python\Python312\Lib\ssl.py", line 1103, in read
    return self._sslobj.read(len, buffer)
           ^^^^^^^^^^^^^^^^^^^^^^^^^^^^^^
TimeoutError: The read operation timed out
[2026-08-10 17:00:04] Finalizado.

[2026-08-10 17:30:11] Iniciando sincronizacion Railway -> Local...
Conectando a https://ppplanta-production.up.railway.app...
Traceback (most recent call last):
  File "C:\Users\cuent\OneDrive\Desktop\APLICACION DE SOLUCIONES Y PROCESOS MARINOS\manage.py", line 14, in <module>
    main()
  File "C:\Users\cuent\OneDrive\Desktop\APLICACION DE SOLUCIONES Y PROCESOS MARINOS\manage.py", line 10, in main
    execute_from_command_line(sys.argv)
  File "C:\Users\cuent\AppData\Local\Programs\Python\Python312\Lib\site-packages\django\core\management\__init__.py", line 442, in execute_from_command_line
    utility.execute()
  File "C:\Users\cuent\AppData\Local\Programs\Python\Python312\Lib\site-packages\django\core\management\__init__.py", line 436, in execute
    self.fetch_command(subcommand).run_from_argv(self.argv)
  File "C:\Users\cuent\AppData\Local\Programs\Python\Python312\Lib\site-packages\django\core\management\base.py", line 420, in run_from_argv
    self.execute(*args, **cmd_options)
  File "C:\Users\cuent\AppData\Local\Programs\Python\Python312\Lib\site-packages\django\core\management\base.py", line 464, in execute
    output = self.handle(*args, **options)
             ^^^^^^^^^^^^^^^^^^^^^^^^^^^^^
  File "C:\Users\cuent\OneDrive\Desktop\APLICACION DE SOLUCIONES Y PROCESOS MARINOS\productions\management\commands\sync_railway_to_local.py", line 26, in handle
    opener = self._login()
             ^^^^^^^^^^^^^
  File "C:\Users\cuent\OneDrive\Desktop\APLICACION DE SOLUCIONES Y PROCESOS MARINOS\productions\management\commands\sync_railway_to_local.py", line 86, in _login
    with opener.open(req, timeout=30) as resp:
         ^^^^^^^^^^^^^^^^^^^^^^^^^^^^
  File "C:\Users\cuent\AppData\Local\Programs\Python\Python312\Lib\urllib\request.py", line 515, in open
    response = self._open(req, data)
               ^^^^^^^^^^^^^^^^^^^^^
  File "C:\Users\cuent\AppData\Local\Programs\Python\Python312\Lib\urllib\request.py", line 532, in _open
    result = self._call_chain(self.handle_open, protocol, protocol +
             ^^^^^^^^^^^^^^^^^^^^^^^^^^^^^^^^^^^^^^^^^^^^^^^^^^^^^^^
  File "C:\Users\cuent\AppData\Local\Programs\Python\Python312\Lib\urllib\request.py", line 492, in _call_chain
    result = func(*args)
             ^^^^^^^^^^^
  File "C:\Users\cuent\AppData\Local\Programs\Python\Python312\Lib\urllib\request.py", line 1392, in https_open
    return self.do_open(http.client.HTTPSConnection, req,
           ^^^^^^^^^^^^^^^^^^^^^^^^^^^^^^^^^^^^^^^^^^^^^^
  File "C:\Users\cuent\AppData\Local\Programs\Python\Python312\Lib\urllib\request.py", line 1348, in do_open
    r = h.getresponse()
        ^^^^^^^^^^^^^^^
  File "C:\Users\cuent\AppData\Local\Programs\Python\Python312\Lib\http\client.py", line 1430, in getresponse
    response.begin()
  File "C:\Users\cuent\AppData\Local\Programs\Python\Python312\Lib\http\client.py", line 331, in begin
    version, status, reason = self._read_status()
                              ^^^^^^^^^^^^^^^^^^^
  File "C:\Users\cuent\AppData\Local\Programs\Python\Python312\Lib\http\client.py", line 292, in _read_status
    line = str(self.fp.readline(_MAXLINE + 1), "iso-8859-1")
               ^^^^^^^^^^^^^^^^^^^^^^^^^^^^^^
  File "C:\Users\cuent\AppData\Local\Programs\Python\Python312\Lib\socket.py", line 720, in readinto
    return self._sock.recv_into(b)
           ^^^^^^^^^^^^^^^^^^^^^^^
  File "C:\Users\cuent\AppData\Local\Programs\Python\Python312\Lib\ssl.py", line 1251, in recv_into
    return self.read(nbytes, buffer)
           ^^^^^^^^^^^^^^^^^^^^^^^^^
  File "C:\Users\cuent\AppData\Local\Programs\Python\Python312\Lib\ssl.py", line 1103, in read
    return self._sslobj.read(len, buffer)
           ^^^^^^^^^^^^^^^^^^^^^^^^^^^^^^
TimeoutError: The read operation timed out
[2026-08-10 17:30:11] Finalizado.

[2026-08-10 18:00:04] Iniciando sincronizacion Railway -> Local...
Conectando a https://ppplanta-production.up.railway.app...
Traceback (most recent call last):
  File "C:\Users\cuent\OneDrive\Desktop\APLICACION DE SOLUCIONES Y PROCESOS MARINOS\manage.py", line 14, in <module>
    main()
  File "C:\Users\cuent\OneDrive\Desktop\APLICACION DE SOLUCIONES Y PROCESOS MARINOS\manage.py", line 10, in main
    execute_from_command_line(sys.argv)
  File "C:\Users\cuent\AppData\Local\Programs\Python\Python312\Lib\site-packages\django\core\management\__init__.py", line 442, in execute_from_command_line
    utility.execute()
  File "C:\Users\cuent\AppData\Local\Programs\Python\Python312\Lib\site-packages\django\core\management\__init__.py", line 436, in execute
    self.fetch_command(subcommand).run_from_argv(self.argv)
  File "C:\Users\cuent\AppData\Local\Programs\Python\Python312\Lib\site-packages\django\core\management\base.py", line 420, in run_from_argv
    self.execute(*args, **cmd_options)
  File "C:\Users\cuent\AppData\Local\Programs\Python\Python312\Lib\site-packages\django\core\management\base.py", line 464, in execute
    output = self.handle(*args, **options)
             ^^^^^^^^^^^^^^^^^^^^^^^^^^^^^
  File "C:\Users\cuent\OneDrive\Desktop\APLICACION DE SOLUCIONES Y PROCESOS MARINOS\productions\management\commands\sync_railway_to_local.py", line 26, in handle
    opener = self._login()
             ^^^^^^^^^^^^^
  File "C:\Users\cuent\OneDrive\Desktop\APLICACION DE SOLUCIONES Y PROCESOS MARINOS\productions\management\commands\sync_railway_to_local.py", line 86, in _login
    with opener.open(req, timeout=30) as resp:
         ^^^^^^^^^^^^^^^^^^^^^^^^^^^^
  File "C:\Users\cuent\AppData\Local\Programs\Python\Python312\Lib\urllib\request.py", line 515, in open
    response = self._open(req, data)
               ^^^^^^^^^^^^^^^^^^^^^
  File "C:\Users\cuent\AppData\Local\Programs\Python\Python312\Lib\urllib\request.py", line 532, in _open
    result = self._call_chain(self.handle_open, protocol, protocol +
             ^^^^^^^^^^^^^^^^^^^^^^^^^^^^^^^^^^^^^^^^^^^^^^^^^^^^^^^
  File "C:\Users\cuent\AppData\Local\Programs\Python\Python312\Lib\urllib\request.py", line 492, in _call_chain
    result = func(*args)
             ^^^^^^^^^^^
  File "C:\Users\cuent\AppData\Local\Programs\Python\Python312\Lib\urllib\request.py", line 1392, in https_open
    return self.do_open(http.client.HTTPSConnection, req,
           ^^^^^^^^^^^^^^^^^^^^^^^^^^^^^^^^^^^^^^^^^^^^^^
  File "C:\Users\cuent\AppData\Local\Programs\Python\Python312\Lib\urllib\request.py", line 1348, in do_open
    r = h.getresponse()
        ^^^^^^^^^^^^^^^
  File "C:\Users\cuent\AppData\Local\Programs\Python\Python312\Lib\http\client.py", line 1430, in getresponse
    response.begin()
  File "C:\Users\cuent\AppData\Local\Programs\Python\Python312\Lib\http\client.py", line 331, in begin
    version, status, reason = self._read_status()
                              ^^^^^^^^^^^^^^^^^^^
  File "C:\Users\cuent\AppData\Local\Programs\Python\Python312\Lib\http\client.py", line 292, in _read_status
    line = str(self.fp.readline(_MAXLINE + 1), "iso-8859-1")
               ^^^^^^^^^^^^^^^^^^^^^^^^^^^^^^
  File "C:\Users\cuent\AppData\Local\Programs\Python\Python312\Lib\socket.py", line 720, in readinto
    return self._sock.recv_into(b)
           ^^^^^^^^^^^^^^^^^^^^^^^
  File "C:\Users\cuent\AppData\Local\Programs\Python\Python312\Lib\ssl.py", line 1251, in recv_into
    return self.read(nbytes, buffer)
           ^^^^^^^^^^^^^^^^^^^^^^^^^
  File "C:\Users\cuent\AppData\Local\Programs\Python\Python312\Lib\ssl.py", line 1103, in read
    return self._sslobj.read(len, buffer)
           ^^^^^^^^^^^^^^^^^^^^^^^^^^^^^^
TimeoutError: The read operation timed out
[2026-08-10 18:00:04] Finalizado.

[2026-08-10 18:30:05] Iniciando sincronizacion Railway -> Local...

[2026-08-10 19:00:02] Iniciando sincronizacion Railway -> Local...
Conectando a https://ppplanta-production.up.railway.app...
Traceback (most recent call last):
  File "C:\Users\cuent\OneDrive\Desktop\APLICACION DE SOLUCIONES Y PROCESOS MARINOS\manage.py", line 14, in <module>
    main()
  File "C:\Users\cuent\OneDrive\Desktop\APLICACION DE SOLUCIONES Y PROCESOS MARINOS\manage.py", line 10, in main
    execute_from_command_line(sys.argv)
  File "C:\Users\cuent\AppData\Local\Programs\Python\Python312\Lib\site-packages\django\core\management\__init__.py", line 442, in execute_from_command_line
    utility.execute()
  File "C:\Users\cuent\AppData\Local\Programs\Python\Python312\Lib\site-packages\django\core\management\__init__.py", line 436, in execute
    self.fetch_command(subcommand).run_from_argv(self.argv)
  File "C:\Users\cuent\AppData\Local\Programs\Python\Python312\Lib\site-packages\django\core\management\base.py", line 420, in run_from_argv
    self.execute(*args, **cmd_options)
  File "C:\Users\cuent\AppData\Local\Programs\Python\Python312\Lib\site-packages\django\core\management\base.py", line 464, in execute
    output = self.handle(*args, **options)
             ^^^^^^^^^^^^^^^^^^^^^^^^^^^^^
  File "C:\Users\cuent\OneDrive\Desktop\APLICACION DE SOLUCIONES Y PROCESOS MARINOS\productions\management\commands\sync_railway_to_local.py", line 26, in handle
    opener = self._login()
             ^^^^^^^^^^^^^
  File "C:\Users\cuent\OneDrive\Desktop\APLICACION DE SOLUCIONES Y PROCESOS MARINOS\productions\management\commands\sync_railway_to_local.py", line 86, in _login
    with opener.open(req, timeout=30) as resp:
         ^^^^^^^^^^^^^^^^^^^^^^^^^^^^
  File "C:\Users\cuent\AppData\Local\Programs\Python\Python312\Lib\urllib\request.py", line 515, in open
    response = self._open(req, data)
               ^^^^^^^^^^^^^^^^^^^^^
  File "C:\Users\cuent\AppData\Local\Programs\Python\Python312\Lib\urllib\request.py", line 532, in _open
    result = self._call_chain(self.handle_open, protocol, protocol +
             ^^^^^^^^^^^^^^^^^^^^^^^^^^^^^^^^^^^^^^^^^^^^^^^^^^^^^^^
  File "C:\Users\cuent\AppData\Local\Programs\Python\Python312\Lib\urllib\request.py", line 492, in _call_chain
    result = func(*args)
             ^^^^^^^^^^^
  File "C:\Users\cuent\AppData\Local\Programs\Python\Python312\Lib\urllib\request.py", line 1392, in https_open
    return self.do_open(http.client.HTTPSConnection, req,
           ^^^^^^^^^^^^^^^^^^^^^^^^^^^^^^^^^^^^^^^^^^^^^^
  File "C:\Users\cuent\AppData\Local\Programs\Python\Python312\Lib\urllib\request.py", line 1348, in do_open
    r = h.getresponse()
        ^^^^^^^^^^^^^^^
  File "C:\Users\cuent\AppData\Local\Programs\Python\Python312\Lib\http\client.py", line 1430, in getresponse
    response.begin()
  File "C:\Users\cuent\AppData\Local\Programs\Python\Python312\Lib\http\client.py", line 331, in begin
    version, status, reason = self._read_status()
                              ^^^^^^^^^^^^^^^^^^^
  File "C:\Users\cuent\AppData\Local\Programs\Python\Python312\Lib\http\client.py", line 292, in _read_status
    line = str(self.fp.readline(_MAXLINE + 1), "iso-8859-1")
               ^^^^^^^^^^^^^^^^^^^^^^^^^^^^^^
  File "C:\Users\cuent\AppData\Local\Programs\Python\Python312\Lib\socket.py", line 720, in readinto
    return self._sock.recv_into(b)
           ^^^^^^^^^^^^^^^^^^^^^^^
  File "C:\Users\cuent\AppData\Local\Programs\Python\Python312\Lib\ssl.py", line 1251, in recv_into
    return self.read(nbytes, buffer)
           ^^^^^^^^^^^^^^^^^^^^^^^^^
  File "C:\Users\cuent\AppData\Local\Programs\Python\Python312\Lib\ssl.py", line 1103, in read
    return self._sslobj.read(len, buffer)
           ^^^^^^^^^^^^^^^^^^^^^^^^^^^^^^
TimeoutError: The read operation timed out
[2026-08-10 19:00:02] Finalizado.

[2026-08-10 19:30:03] Iniciando sincronizacion Railway -> Local...
Conectando a https://ppplanta-production.up.railway.app...
Traceback (most recent call last):
  File "C:\Users\cuent\AppData\Local\Programs\Python\Python312\Lib\urllib\request.py", line 1344, in do_open
    h.request(req.get_method(), req.selector, req.data, headers,
  File "C:\Users\cuent\AppData\Local\Programs\Python\Python312\Lib\http\client.py", line 1338, in request
    self._send_request(method, url, body, headers, encode_chunked)
  File "C:\Users\cuent\AppData\Local\Programs\Python\Python312\Lib\http\client.py", line 1384, in _send_request
    self.endheaders(body, encode_chunked=encode_chunked)
  File "C:\Users\cuent\AppData\Local\Programs\Python\Python312\Lib\http\client.py", line 1333, in endheaders
    self._send_output(message_body, encode_chunked=encode_chunked)
  File "C:\Users\cuent\AppData\Local\Programs\Python\Python312\Lib\http\client.py", line 1093, in _send_output
    self.send(msg)
  File "C:\Users\cuent\AppData\Local\Programs\Python\Python312\Lib\http\client.py", line 1037, in send
    self.connect()
  File "C:\Users\cuent\AppData\Local\Programs\Python\Python312\Lib\http\client.py", line 1472, in connect
    super().connect()
  File "C:\Users\cuent\AppData\Local\Programs\Python\Python312\Lib\http\client.py", line 1003, in connect
    self.sock = self._create_connection(
                ^^^^^^^^^^^^^^^^^^^^^^^^
  File "C:\Users\cuent\AppData\Local\Programs\Python\Python312\Lib\socket.py", line 841, in create_connection
    for res in getaddrinfo(host, port, 0, SOCK_STREAM):
               ^^^^^^^^^^^^^^^^^^^^^^^^^^^^^^^^^^^^^^^
  File "C:\Users\cuent\AppData\Local\Programs\Python\Python312\Lib\socket.py", line 978, in getaddrinfo
    for res in _socket.getaddrinfo(host, port, family, type, proto, flags):
               ^^^^^^^^^^^^^^^^^^^^^^^^^^^^^^^^^^^^^^^^^^^^^^^^^^^^^^^^^^^
socket.gaierror: [Errno 11001] getaddrinfo failed
System.Management.Automation.RemoteException
During handling of the above exception, another exception occurred:
System.Management.Automation.RemoteException
Traceback (most recent call last):
  File "C:\Users\cuent\OneDrive\Desktop\APLICACION DE SOLUCIONES Y PROCESOS MARINOS\manage.py", line 14, in <module>
    main()
  File "C:\Users\cuent\OneDrive\Desktop\APLICACION DE SOLUCIONES Y PROCESOS MARINOS\manage.py", line 10, in main
    execute_from_command_line(sys.argv)
  File "C:\Users\cuent\AppData\Local\Programs\Python\Python312\Lib\site-packages\django\core\management\__init__.py", line 442, in execute_from_command_line
    utility.execute()
  File "C:\Users\cuent\AppData\Local\Programs\Python\Python312\Lib\site-packages\django\core\management\__init__.py", line 436, in execute
    self.fetch_command(subcommand).run_from_argv(self.argv)
  File "C:\Users\cuent\AppData\Local\Programs\Python\Python312\Lib\site-packages\django\core\management\base.py", line 420, in run_from_argv
    self.execute(*args, **cmd_options)
  File "C:\Users\cuent\AppData\Local\Programs\Python\Python312\Lib\site-packages\django\core\management\base.py", line 464, in execute
    output = self.handle(*args, **options)
             ^^^^^^^^^^^^^^^^^^^^^^^^^^^^^
  File "C:\Users\cuent\OneDrive\Desktop\APLICACION DE SOLUCIONES Y PROCESOS MARINOS\productions\management\commands\sync_railway_to_local.py", line 26, in handle
    opener = self._login()
             ^^^^^^^^^^^^^
  File "C:\Users\cuent\OneDrive\Desktop\APLICACION DE SOLUCIONES Y PROCESOS MARINOS\productions\management\commands\sync_railway_to_local.py", line 73, in _login
    with opener.open(login_url, timeout=30) as resp:
         ^^^^^^^^^^^^^^^^^^^^^^^^^^^^^^^^^^
  File "C:\Users\cuent\AppData\Local\Programs\Python\Python312\Lib\urllib\request.py", line 515, in open
    response = self._open(req, data)
               ^^^^^^^^^^^^^^^^^^^^^
  File "C:\Users\cuent\AppData\Local\Programs\Python\Python312\Lib\urllib\request.py", line 532, in _open
    result = self._call_chain(self.handle_open, protocol, protocol +
             ^^^^^^^^^^^^^^^^^^^^^^^^^^^^^^^^^^^^^^^^^^^^^^^^^^^^^^^
  File "C:\Users\cuent\AppData\Local\Programs\Python\Python312\Lib\urllib\request.py", line 492, in _call_chain
    result = func(*args)
             ^^^^^^^^^^^
  File "C:\Users\cuent\AppData\Local\Programs\Python\Python312\Lib\urllib\request.py", line 1392, in https_open
    return self.do_open(http.client.HTTPSConnection, req,
           ^^^^^^^^^^^^^^^^^^^^^^^^^^^^^^^^^^^^^^^^^^^^^^
  File "C:\Users\cuent\AppData\Local\Programs\Python\Python312\Lib\urllib\request.py", line 1347, in do_open
    raise URLError(err)
urllib.error.URLError: <urlopen error [Errno 11001] getaddrinfo failed>
[2026-08-10 19:30:03] Finalizado.

[2026-08-10 20:00:03] Iniciando sincronizacion Railway -> Local...
Conectando a https://ppplanta-production.up.railway.app...
Traceback (most recent call last):
  File "C:\Users\cuent\OneDrive\Desktop\APLICACION DE SOLUCIONES Y PROCESOS MARINOS\manage.py", line 14, in <module>
    main()
  File "C:\Users\cuent\OneDrive\Desktop\APLICACION DE SOLUCIONES Y PROCESOS MARINOS\manage.py", line 10, in main
    execute_from_command_line(sys.argv)
  File "C:\Users\cuent\AppData\Local\Programs\Python\Python312\Lib\site-packages\django\core\management\__init__.py", line 442, in execute_from_command_line
    utility.execute()
  File "C:\Users\cuent\AppData\Local\Programs\Python\Python312\Lib\site-packages\django\core\management\__init__.py", line 436, in execute
    self.fetch_command(subcommand).run_from_argv(self.argv)
  File "C:\Users\cuent\AppData\Local\Programs\Python\Python312\Lib\site-packages\django\core\management\base.py", line 420, in run_from_argv
    self.execute(*args, **cmd_options)
  File "C:\Users\cuent\AppData\Local\Programs\Python\Python312\Lib\site-packages\django\core\management\base.py", line 464, in execute
    output = self.handle(*args, **options)
             ^^^^^^^^^^^^^^^^^^^^^^^^^^^^^
  File "C:\Users\cuent\OneDrive\Desktop\APLICACION DE SOLUCIONES Y PROCESOS MARINOS\productions\management\commands\sync_railway_to_local.py", line 26, in handle
    opener = self._login()
             ^^^^^^^^^^^^^
  File "C:\Users\cuent\OneDrive\Desktop\APLICACION DE SOLUCIONES Y PROCESOS MARINOS\productions\management\commands\sync_railway_to_local.py", line 86, in _login
    with opener.open(req, timeout=30) as resp:
         ^^^^^^^^^^^^^^^^^^^^^^^^^^^^
  File "C:\Users\cuent\AppData\Local\Programs\Python\Python312\Lib\urllib\request.py", line 515, in open
    response = self._open(req, data)
               ^^^^^^^^^^^^^^^^^^^^^
  File "C:\Users\cuent\AppData\Local\Programs\Python\Python312\Lib\urllib\request.py", line 532, in _open
    result = self._call_chain(self.handle_open, protocol, protocol +
             ^^^^^^^^^^^^^^^^^^^^^^^^^^^^^^^^^^^^^^^^^^^^^^^^^^^^^^^
  File "C:\Users\cuent\AppData\Local\Programs\Python\Python312\Lib\urllib\request.py", line 492, in _call_chain
    result = func(*args)
             ^^^^^^^^^^^
  File "C:\Users\cuent\AppData\Local\Programs\Python\Python312\Lib\urllib\request.py", line 1392, in https_open
    return self.do_open(http.client.HTTPSConnection, req,
           ^^^^^^^^^^^^^^^^^^^^^^^^^^^^^^^^^^^^^^^^^^^^^^
  File "C:\Users\cuent\AppData\Local\Programs\Python\Python312\Lib\urllib\request.py", line 1348, in do_open
    r = h.getresponse()
        ^^^^^^^^^^^^^^^
  File "C:\Users\cuent\AppData\Local\Programs\Python\Python312\Lib\http\client.py", line 1430, in getresponse
    response.begin()
  File "C:\Users\cuent\AppData\Local\Programs\Python\Python312\Lib\http\client.py", line 331, in begin
    version, status, reason = self._read_status()
                              ^^^^^^^^^^^^^^^^^^^
  File "C:\Users\cuent\AppData\Local\Programs\Python\Python312\Lib\http\client.py", line 292, in _read_status
    line = str(self.fp.readline(_MAXLINE + 1), "iso-8859-1")
               ^^^^^^^^^^^^^^^^^^^^^^^^^^^^^^
  File "C:\Users\cuent\AppData\Local\Programs\Python\Python312\Lib\socket.py", line 720, in readinto
    return self._sock.recv_into(b)
           ^^^^^^^^^^^^^^^^^^^^^^^
  File "C:\Users\cuent\AppData\Local\Programs\Python\Python312\Lib\ssl.py", line 1251, in recv_into
    return self.read(nbytes, buffer)
           ^^^^^^^^^^^^^^^^^^^^^^^^^
  File "C:\Users\cuent\AppData\Local\Programs\Python\Python312\Lib\ssl.py", line 1103, in read
    return self._sslobj.read(len, buffer)
           ^^^^^^^^^^^^^^^^^^^^^^^^^^^^^^
TimeoutError: The read operation timed out
[2026-08-10 20:00:03] Finalizado.

[2026-08-10 20:30:03] Iniciando sincronizacion Railway -> Local...
Conectando a https://ppplanta-production.up.railway.app...
Traceback (most recent call last):
  File "C:\Users\cuent\OneDrive\Desktop\APLICACION DE SOLUCIONES Y PROCESOS MARINOS\manage.py", line 14, in <module>
    main()
  File "C:\Users\cuent\OneDrive\Desktop\APLICACION DE SOLUCIONES Y PROCESOS MARINOS\manage.py", line 10, in main
    execute_from_command_line(sys.argv)
  File "C:\Users\cuent\AppData\Local\Programs\Python\Python312\Lib\site-packages\django\core\management\__init__.py", line 442, in execute_from_command_line
    utility.execute()
  File "C:\Users\cuent\AppData\Local\Programs\Python\Python312\Lib\site-packages\django\core\management\__init__.py", line 436, in execute
    self.fetch_command(subcommand).run_from_argv(self.argv)
  File "C:\Users\cuent\AppData\Local\Programs\Python\Python312\Lib\site-packages\django\core\management\base.py", line 420, in run_from_argv
    self.execute(*args, **cmd_options)
  File "C:\Users\cuent\AppData\Local\Programs\Python\Python312\Lib\site-packages\django\core\management\base.py", line 464, in execute
    output = self.handle(*args, **options)
             ^^^^^^^^^^^^^^^^^^^^^^^^^^^^^
  File "C:\Users\cuent\OneDrive\Desktop\APLICACION DE SOLUCIONES Y PROCESOS MARINOS\productions\management\commands\sync_railway_to_local.py", line 26, in handle
    opener = self._login()
             ^^^^^^^^^^^^^
  File "C:\Users\cuent\OneDrive\Desktop\APLICACION DE SOLUCIONES Y PROCESOS MARINOS\productions\management\commands\sync_railway_to_local.py", line 73, in _login
    with opener.open(login_url, timeout=30) as resp:
         ^^^^^^^^^^^^^^^^^^^^^^^^^^^^^^^^^^
  File "C:\Users\cuent\AppData\Local\Programs\Python\Python312\Lib\urllib\request.py", line 521, in open
    response = meth(req, response)
               ^^^^^^^^^^^^^^^^^^^
  File "C:\Users\cuent\AppData\Local\Programs\Python\Python312\Lib\urllib\request.py", line 630, in http_response
    response = self.parent.error(
               ^^^^^^^^^^^^^^^^^^
  File "C:\Users\cuent\AppData\Local\Programs\Python\Python312\Lib\urllib\request.py", line 559, in error
    return self._call_chain(*args)
           ^^^^^^^^^^^^^^^^^^^^^^^
  File "C:\Users\cuent\AppData\Local\Programs\Python\Python312\Lib\urllib\request.py", line 492, in _call_chain
    result = func(*args)
             ^^^^^^^^^^^
  File "C:\Users\cuent\AppData\Local\Programs\Python\Python312\Lib\urllib\request.py", line 639, in http_error_default
    raise HTTPError(req.full_url, code, msg, hdrs, fp)
urllib.error.HTTPError: HTTP Error 404: Not Found
[2026-08-10 20:30:03] Finalizado.
